// Jest Snapshot v1, https://goo.gl/fbAQLP

exports[`Test CreditCardForm component the form is correctly rendered 1`] = `
<DocumentFragment>
  <div
    class="creditCardForm"
  >
    <div
      class="creditCard"
      role="button"
      tabindex="-1"
    >
      <div
        class="paper creditCard__paper"
        style="--elevation: 6;"
      >
        <div
          class="creditCard__surface creditCard__surface--front"
        >
          <div
            class="creditCard__contentWrapper"
          >
            <div
              class="creditCard__row"
            >
              <img
                alt=""
                class="creditCard__chip"
                src="smart_chip.svg"
              />
              <img
                alt=""
                class="creditCard__issuer"
                src="[object Object]"
              />
            </div>
            <div
              class="creditCard__row"
            >
              <span
                class="creditCard__number"
              />
            </div>
            <div
              class="creditCard__row"
            >
              <div
                class="creditCard__info"
              >
                <div
                  class="creditCard__infoTitle"
                >
                  Card Holder
                </div>
                <div
                  class="creditCard__infoContent"
                />
              </div>
              <div
                class="creditCard__info"
              >
                <div
                  class="creditCard__infoTitle"
                >
                  Expires
                </div>
                <div
                  class="creditCard__infoContent"
                >
                  MM/YY
                </div>
              </div>
            </div>
          </div>
        </div>
        <div
          class="creditCard__surface creditCard__surface--back"
        >
          <div
            class="creditCard__contentWrapper"
          >
            <div
              class="creditCard__magneticTape"
            />
            <div
              class="creditCard__signatureAndCVVWrapper"
            >
              <div
                class="creditCard__CVVTitle"
              >
                CVV
              </div>
              <div
                class="creditCard__CVVField"
              >
                <span />
              </div>
            </div>
            <div
              class="creditCard__row creditCard__row--right"
            >
              <img
                alt=""
                class="creditCard__issuer"
                src="[object Object]"
              />
            </div>
          </div>
        </div>
      </div>
    </div>
    <div
      class="paper undefined"
      style="--elevation: 6;"
    >
      <form
        class="creditCardForm__form"
      >
        <label
          class="inputLabel"
        >
          Card Number
          <input
            class="textField"
            inputmode="numeric"
            maxlength="23"
            minlength="16"
            pattern="[0-9 ]+"
            required=""
            type="text"
            value=""
          />
        </label>
        <label
          class="inputLabel"
        >
          Card Name
          <input
            class="textField"
            maxlength="22"
            minlength="3"
            required=""
            type="text"
            value=""
          />
        </label>
        <div
          class="creditCardForm__inline creditCardForm__inline--large"
        >
          <div
            class="creditCardForm__expiration-date-wrapper"
          >
            <fieldset
              class="fieldset"
            >
              <legend
                class="fieldset__legend"
              >
                Expiration Date
              </legend>
              <div
                class="creditCardForm__inline"
              >
                <label
                  class="inputLabel inputLabel--hidden"
                >
                  Month
                  <select
                    class="select"
                    required=""
                  >
                    <option
                      disabled=""
                      value=""
                    >
                      Month
                    </option>
                    <option
                      value="01"
                    >
                      01
                    </option>
                    <option
                      value="02"
                    >
                      02
                    </option>
                    <option
                      value="03"
                    >
                      03
                    </option>
                    <option
                      value="04"
                    >
                      04
                    </option>
                    <option
                      value="05"
                    >
                      05
                    </option>
                    <option
                      value="06"
                    >
                      06
                    </option>
                    <option
                      value="07"
                    >
                      07
                    </option>
                    <option
                      value="08"
                    >
                      08
                    </option>
                    <option
                      value="09"
                    >
                      09
                    </option>
                    <option
                      value="10"
                    >
                      10
                    </option>
                    <option
                      value="11"
                    >
                      11
                    </option>
                    <option
                      value="12"
                    >
                      12
                    </option>
                  </select>
                </label>
                <label
                  class="inputLabel inputLabel--hidden"
                >
                  Year
                  <select
                    class="select"
                    required=""
                  >
                    <option
                      disabled=""
                      value=""
                    >
                      Year
                    </option>
                    <option
                      value="2022"
                    >
                      2022
                    </option>
                    <option
                      value="2023"
                    >
                      2023
                    </option>
                    <option
                      value="2024"
                    >
                      2024
                    </option>
                    <option
                      value="2025"
                    >
                      2025
                    </option>
                    <option
                      value="2026"
                    >
                      2026
                    </option>
                    <option
                      value="2027"
                    >
                      2027
                    </option>
                    <option
                      value="2028"
                    >
                      2028
                    </option>
                    <option
                      value="2029"
                    >
                      2029
                    </option>
                    <option
                      value="2030"
                    >
                      2030
                    </option>
                    <option
                      value="2031"
                    >
                      2031
                    </option>
                  </select>
                </label>
              </div>
            </fieldset>
          </div>
          <div
            class="creditCardForm__cvv-wrapper"
          >
            <label
              class="inputLabel"
            >
              CVV
              <input
                class="textField"
                inputmode="numeric"
                maxlength="4"
                minlength="3"
                pattern="[0-9]+"
                required=""
                type="text"
                value=""
              />
            </label>
          </div>
        </div>
        <div
          class="creditCardForm__submit-button-wrapper"
        >
          <button
            class="button button--full-width"
          >
            Submit
          </button>
        </div>
      </form>
    </div>
  </div>
</DocumentFragment>
`;
